// Jest Snapshot v1, https://goo.gl/fbAQLP

exports[`Storyshots Layout/Sider Basic 1`] = `
<div
  className="css-g8mnds-RowWrapper e1y7zrl70"
  height="100%"
  style={Object {}}
>
  <div
    className="css-1ew71o5-SiderWrapper e27etdn0"
  >
    <div
      className="css-6h55vp-MenuWrapper ehes60l0"
    >
      <li
        className="css-1vdn8nn-ListItemWrapper e4ps6kk1"
        onClick={[Function]}
      >
        <div
          className="css-a72bgn-Left e1skj02x0"
        >
          <div
            className="css-iu1hhi-ListItemChild e4ps6kk2"
          >
            <i
              className="css-6tw2qr-IconWrapper e1cr9qb30"
            >
              <svg
                fill="none"
                height="16px"
                viewBox="0 0 497.012 497.012"
                width="16px"
                xmlns="http://www.w3.org/2000/svg"
              >
                <g>
                  <path
                    d="m71.158 468.004c-22.029 0-39.887-17.909-39.887-40v-387.999c0-22.092 17.858-40 39.887-40h170.714c4.844 0 9.567 1.178 13.788 3.376 2.702 1.407 125.455 125.012 126.921 128.24 1.756 3.867 2.69 8.102 2.69 12.432v276.952c0 25.957-21.043 47-47 47h-267.113z"
                    fill="#f9f8f9"
                  />
                  <path
                    d="m101.161 468h-30c-22.03 0-39.89-17.9-39.89-40v-388c0-22.09 17.86-40 39.89-40h30c-22.03 0-39.89 17.91-39.89 40v388c0 22.1 17.86 40 39.89 40z"
                    fill="#e3e0e4"
                  />
                  <g
                    fill="#a29aa5"
                  >
                    <path
                      d="m211.876 149.986h-123.611c-4.142 0-7.5-3.357-7.5-7.5s3.358-7.5 7.5-7.5h123.611c4.142 0 7.5 3.357 7.5 7.5s-3.358 7.5-7.5 7.5z"
                    />
                    <path
                      d="m261.876 330.027h-173.611c-4.142 0-7.5-3.357-7.5-7.5s3.358-7.5 7.5-7.5h173.611c4.142 0 7.5 3.357 7.5 7.5s-3.358 7.5-7.5 7.5z"
                    />
                    <path
                      d="m310.104 209.999h-223.837c-4.142 0-7.5-3.357-7.5-7.5s3.358-7.5 7.5-7.5h223.837c4.142 0 7.5 3.357 7.5 7.5s-3.358 7.5-7.5 7.5z"
                    />
                    <path
                      d="m310.14 270.013h-223.873c-4.142 0-7.5-3.357-7.5-7.5s3.358-7.5 7.5-7.5h223.873c4.142 0 7.5 3.357 7.5 7.5s-3.358 7.5-7.5 7.5z"
                    />
                  </g>
                  <path
                    d="m465.7 396.612c-.318-6.64-3.204-13.105-7.953-17.779l-72.297-71.877c-10.654-10.592-27.923-10.592-38.577 0s-10.654 27.761 0 38.353l25.727 25.577h-145.577c-15.073 0-27.282 12.138-27.282 27.124s12.209 27.124 27.282 27.124h145.577l-25.727 25.578c-10.654 10.592-10.654 27.761 0 38.353 10.639 10.598 27.938 10.598 38.577 0l72.297-71.878c5.427-5.328 8.383-13.002 7.953-20.575z"
                    fill="#80e29e"
                  />
                  <path
                    d="m372.539 370.829h17.991c4.461 0 6.689-5.4 3.526-8.545l-25.054-24.914c-10.45-10.39-11.99-26.29-4.61-38.3-6.38.41-12.64 3.04-17.52 7.89-10.65 10.59-10.65 27.76 0 38.35zm-25.668 79.881c-10.65 10.59-10.65 27.76 0 38.35 4.87 4.85 11.14 7.48 17.52 7.89-7.38-12.02-5.84-27.91 4.61-38.3l23.934-25.064c3.038-3.182.783-8.453-3.616-8.453h-16.719zm-106.33-79.82h-13.52c-15.07 0-27.28 12.13-27.28 27.12s12.21 27.12 27.28 27.12h13.52c-9.46-5.38-15.83-15.51-15.83-27.12s6.37-21.74 15.83-27.12z"
                    fill="#77d192"
                  />
                  <path
                    d="m385.271 144.05v17.57h-103.87c-31.44 0-57.02-25.62-57.02-57.11v-104.51h17.49c4.487 0 8.865 1.01 12.839 2.903 3.067 1.462 126.423 125.514 127.89 128.757 1.744 3.857 2.671 8.076 2.671 12.39z"
                    fill="#e3e0e4"
                  />
                  <path
                    d="m382.571 131.62h-101.17c-14.92 0-27.02-12.13-27.02-27.11v-101.75c3.19 1.47 6.14 3.51 8.67 6.05l113.48 114.05c2.55 2.56 4.59 5.53 6.04 8.76z"
                    fill="#a29aa5"
                  />
                </g>
              </svg>
            </i>
          </div>
          <div
            className="css-iu1hhi-ListItemChild e4ps6kk2"
          >
            <div
              className="css-144j0q-TitleContainer etn7vk90"
            >
              <a
                className="css-1izq23z-RichTextLink enepada0"
                href="/"
                target="self"
              >
                Home
              </a>
            </div>
            <div
              className="css-92onx5-SubtitleContainer etn7vk91"
            />
          </div>
        </div>
        <div
          className="css-mgn85a-Right e1skj02x1"
        >
          <div
            className="css-iu1hhi-ListItemChild e4ps6kk2"
          >
            <i
              className="css-6tw2qr-IconWrapper e1cr9qb30"
            >
              <svg
                fill="#7f9cf5"
                height="16px"
                viewBox="0 0 24 24"
                width="16px"
                xmlns="http://www.w3.org/2000/svg"
              >
                <path
                  d="M5 3l3.057-3 11.943 12-11.943 12-3.057-3 9-9z"
                />
              </svg>
            </i>
          </div>
        </div>
      </li>
      <li
        className="css-1vdn8nn-ListItemWrapper e4ps6kk1"
        onClick={[Function]}
      >
        <div
          className="css-a72bgn-Left e1skj02x0"
        >
          <div
            className="css-iu1hhi-ListItemChild e4ps6kk2"
          >
            <i
              className="css-6tw2qr-IconWrapper e1cr9qb30"
            >
              <svg
                fill="none"
                height="16px"
                viewBox="0 0 497.012 497.012"
                width="16px"
                xmlns="http://www.w3.org/2000/svg"
              >
                <g>
                  <path
                    d="m71.158 468.004c-22.029 0-39.887-17.909-39.887-40v-387.999c0-22.092 17.858-40 39.887-40h170.714c4.844 0 9.567 1.178 13.788 3.376 2.702 1.407 125.455 125.012 126.921 128.24 1.756 3.867 2.69 8.102 2.69 12.432v276.952c0 25.957-21.043 47-47 47h-267.113z"
                    fill="#f9f8f9"
                  />
                  <path
                    d="m101.161 468h-30c-22.03 0-39.89-17.9-39.89-40v-388c0-22.09 17.86-40 39.89-40h30c-22.03 0-39.89 17.91-39.89 40v388c0 22.1 17.86 40 39.89 40z"
                    fill="#e3e0e4"
                  />
                  <g
                    fill="#a29aa5"
                  >
                    <path
                      d="m211.876 149.986h-123.611c-4.142 0-7.5-3.357-7.5-7.5s3.358-7.5 7.5-7.5h123.611c4.142 0 7.5 3.357 7.5 7.5s-3.358 7.5-7.5 7.5z"
                    />
                    <path
                      d="m261.876 330.027h-173.611c-4.142 0-7.5-3.357-7.5-7.5s3.358-7.5 7.5-7.5h173.611c4.142 0 7.5 3.357 7.5 7.5s-3.358 7.5-7.5 7.5z"
                    />
                    <path
                      d="m310.104 209.999h-223.837c-4.142 0-7.5-3.357-7.5-7.5s3.358-7.5 7.5-7.5h223.837c4.142 0 7.5 3.357 7.5 7.5s-3.358 7.5-7.5 7.5z"
                    />
                    <path
                      d="m310.14 270.013h-223.873c-4.142 0-7.5-3.357-7.5-7.5s3.358-7.5 7.5-7.5h223.873c4.142 0 7.5 3.357 7.5 7.5s-3.358 7.5-7.5 7.5z"
                    />
                  </g>
                  <path
                    d="m465.7 396.612c-.318-6.64-3.204-13.105-7.953-17.779l-72.297-71.877c-10.654-10.592-27.923-10.592-38.577 0s-10.654 27.761 0 38.353l25.727 25.577h-145.577c-15.073 0-27.282 12.138-27.282 27.124s12.209 27.124 27.282 27.124h145.577l-25.727 25.578c-10.654 10.592-10.654 27.761 0 38.353 10.639 10.598 27.938 10.598 38.577 0l72.297-71.878c5.427-5.328 8.383-13.002 7.953-20.575z"
                    fill="#80e29e"
                  />
                  <path
                    d="m372.539 370.829h17.991c4.461 0 6.689-5.4 3.526-8.545l-25.054-24.914c-10.45-10.39-11.99-26.29-4.61-38.3-6.38.41-12.64 3.04-17.52 7.89-10.65 10.59-10.65 27.76 0 38.35zm-25.668 79.881c-10.65 10.59-10.65 27.76 0 38.35 4.87 4.85 11.14 7.48 17.52 7.89-7.38-12.02-5.84-27.91 4.61-38.3l23.934-25.064c3.038-3.182.783-8.453-3.616-8.453h-16.719zm-106.33-79.82h-13.52c-15.07 0-27.28 12.13-27.28 27.12s12.21 27.12 27.28 27.12h13.52c-9.46-5.38-15.83-15.51-15.83-27.12s6.37-21.74 15.83-27.12z"
                    fill="#77d192"
                  />
                  <path
                    d="m385.271 144.05v17.57h-103.87c-31.44 0-57.02-25.62-57.02-57.11v-104.51h17.49c4.487 0 8.865 1.01 12.839 2.903 3.067 1.462 126.423 125.514 127.89 128.757 1.744 3.857 2.671 8.076 2.671 12.39z"
                    fill="#e3e0e4"
                  />
                  <path
                    d="m382.571 131.62h-101.17c-14.92 0-27.02-12.13-27.02-27.11v-101.75c3.19 1.47 6.14 3.51 8.67 6.05l113.48 114.05c2.55 2.56 4.59 5.53 6.04 8.76z"
                    fill="#a29aa5"
                  />
                </g>
              </svg>
            </i>
          </div>
          <div
            className="css-iu1hhi-ListItemChild e4ps6kk2"
          >
            <div
              className="css-144j0q-TitleContainer etn7vk90"
            >
              <a
                className="css-xq7qoc-RichTextLink enepada0"
                href="/courses"
                target="self"
              >
                Courses
              </a>
            </div>
            <div
              className="css-92onx5-SubtitleContainer etn7vk91"
            />
          </div>
        </div>
        <div
          className="css-mgn85a-Right e1skj02x1"
        >
          <div
            className="css-iu1hhi-ListItemChild e4ps6kk2"
          >
            <i
              className="css-6tw2qr-IconWrapper e1cr9qb30"
            >
              <svg
                fill="#454545"
                height="16px"
                viewBox="0 0 24 24"
                width="16px"
                xmlns="http://www.w3.org/2000/svg"
              >
                <path
                  d="M5 3l3.057-3 11.943 12-11.943 12-3.057-3 9-9z"
                />
              </svg>
            </i>
          </div>
        </div>
      </li>
      <li
        className="css-1vdn8nn-ListItemWrapper e4ps6kk1"
        onClick={[Function]}
      >
        <div
          className="css-a72bgn-Left e1skj02x0"
        >
          <div
            className="css-iu1hhi-ListItemChild e4ps6kk2"
          >
            <i
              className="css-6tw2qr-IconWrapper e1cr9qb30"
            >
              <svg
                fill="none"
                height="16px"
                viewBox="0 0 497.012 497.012"
                width="16px"
                xmlns="http://www.w3.org/2000/svg"
              >
                <g>
                  <path
                    d="m71.158 468.004c-22.029 0-39.887-17.909-39.887-40v-387.999c0-22.092 17.858-40 39.887-40h170.714c4.844 0 9.567 1.178 13.788 3.376 2.702 1.407 125.455 125.012 126.921 128.24 1.756 3.867 2.69 8.102 2.69 12.432v276.952c0 25.957-21.043 47-47 47h-267.113z"
                    fill="#f9f8f9"
                  />
                  <path
                    d="m101.161 468h-30c-22.03 0-39.89-17.9-39.89-40v-388c0-22.09 17.86-40 39.89-40h30c-22.03 0-39.89 17.91-39.89 40v388c0 22.1 17.86 40 39.89 40z"
                    fill="#e3e0e4"
                  />
                  <g
                    fill="#a29aa5"
                  >
                    <path
                      d="m211.876 149.986h-123.611c-4.142 0-7.5-3.357-7.5-7.5s3.358-7.5 7.5-7.5h123.611c4.142 0 7.5 3.357 7.5 7.5s-3.358 7.5-7.5 7.5z"
                    />
                    <path
                      d="m261.876 330.027h-173.611c-4.142 0-7.5-3.357-7.5-7.5s3.358-7.5 7.5-7.5h173.611c4.142 0 7.5 3.357 7.5 7.5s-3.358 7.5-7.5 7.5z"
                    />
                    <path
                      d="m310.104 209.999h-223.837c-4.142 0-7.5-3.357-7.5-7.5s3.358-7.5 7.5-7.5h223.837c4.142 0 7.5 3.357 7.5 7.5s-3.358 7.5-7.5 7.5z"
                    />
                    <path
                      d="m310.14 270.013h-223.873c-4.142 0-7.5-3.357-7.5-7.5s3.358-7.5 7.5-7.5h223.873c4.142 0 7.5 3.357 7.5 7.5s-3.358 7.5-7.5 7.5z"
                    />
                  </g>
                  <path
                    d="m465.7 396.612c-.318-6.64-3.204-13.105-7.953-17.779l-72.297-71.877c-10.654-10.592-27.923-10.592-38.577 0s-10.654 27.761 0 38.353l25.727 25.577h-145.577c-15.073 0-27.282 12.138-27.282 27.124s12.209 27.124 27.282 27.124h145.577l-25.727 25.578c-10.654 10.592-10.654 27.761 0 38.353 10.639 10.598 27.938 10.598 38.577 0l72.297-71.878c5.427-5.328 8.383-13.002 7.953-20.575z"
                    fill="#80e29e"
                  />
                  <path
                    d="m372.539 370.829h17.991c4.461 0 6.689-5.4 3.526-8.545l-25.054-24.914c-10.45-10.39-11.99-26.29-4.61-38.3-6.38.41-12.64 3.04-17.52 7.89-10.65 10.59-10.65 27.76 0 38.35zm-25.668 79.881c-10.65 10.59-10.65 27.76 0 38.35 4.87 4.85 11.14 7.48 17.52 7.89-7.38-12.02-5.84-27.91 4.61-38.3l23.934-25.064c3.038-3.182.783-8.453-3.616-8.453h-16.719zm-106.33-79.82h-13.52c-15.07 0-27.28 12.13-27.28 27.12s12.21 27.12 27.28 27.12h13.52c-9.46-5.38-15.83-15.51-15.83-27.12s6.37-21.74 15.83-27.12z"
                    fill="#77d192"
                  />
                  <path
                    d="m385.271 144.05v17.57h-103.87c-31.44 0-57.02-25.62-57.02-57.11v-104.51h17.49c4.487 0 8.865 1.01 12.839 2.903 3.067 1.462 126.423 125.514 127.89 128.757 1.744 3.857 2.671 8.076 2.671 12.39z"
                    fill="#e3e0e4"
                  />
                  <path
                    d="m382.571 131.62h-101.17c-14.92 0-27.02-12.13-27.02-27.11v-101.75c3.19 1.47 6.14 3.51 8.67 6.05l113.48 114.05c2.55 2.56 4.59 5.53 6.04 8.76z"
                    fill="#a29aa5"
                  />
                </g>
              </svg>
            </i>
          </div>
          <div
            className="css-iu1hhi-ListItemChild e4ps6kk2"
          >
            <div
              className="css-144j0q-TitleContainer etn7vk90"
            >
              <a
                className="css-xq7qoc-RichTextLink enepada0"
                href="/exams"
                target="self"
              >
                Exams
              </a>
            </div>
            <div
              className="css-92onx5-SubtitleContainer etn7vk91"
            />
          </div>
        </div>
        <div
          className="css-mgn85a-Right e1skj02x1"
        >
          <div
            className="css-iu1hhi-ListItemChild e4ps6kk2"
          >
            <i
              className="css-6tw2qr-IconWrapper e1cr9qb30"
            >
              <svg
                fill="#454545"
                height="16px"
                viewBox="0 0 24 24"
                width="16px"
                xmlns="http://www.w3.org/2000/svg"
              >
                <path
                  d="M5 3l3.057-3 11.943 12-11.943 12-3.057-3 9-9z"
                />
              </svg>
            </i>
          </div>
        </div>
      </li>
    </div>
  </div>
  <div
    className="css-12vir8y-LayoutWrapper ekukc8c3"
  >
    <div
      className="css-1t11vu1-HeaderWrapper ekukc8c0"
    >
      This is my header
    </div>
    <div
      className="css-3r48xr-ContentWrapper ekukc8c1"
    >
      <div>
        This is my content
      </div>
    </div>
    <div
      className="css-1attujp-FooterWrapper ekukc8c2"
    >
      This is my footer
    </div>
  </div>
</div>
`;
