// Jest Snapshot v1, https://goo.gl/fbAQLP

exports[`Storyshots Atomic/Component Basic 1`] = `
<div
  className="css-92d30y-ComponentWrapper eksn8810"
/>
`;
