// Jest Snapshot v1, https://goo.gl/fbAQLP

exports[`Storyshots Styled/Gradient Basic 1`] = `
<div
  style={
    Object {
      "background": "url(https://res.cloudinary.com/edapp/images/w_680,h_350,c_fill,g_auto/v1615782673/wordpress/production/staff-learning-with-gamification/staff-learning-with-gamification-680x350.jpg) no-repeat center center",
      "backgroundSize": "cover",
      "display": "flex",
      "flexWrap": "wrap",
      "justifyContent": "center",
      "padding": "1rem",
      "width": "100%",
    }
  }
>
  <div
    className="css-1ohc8tn-CardWrapper e1ft0i6y0"
    height="NORMAL"
    style={
      Object {
        "background": "linear-gradient(to right, rgb(221, 214, 243), rgb(250, 172, 168))",
      }
    }
    width="NORMAL"
  >
    <p
      style={
        Object {
          "padding": "1rem",
        }
      }
    >
      Hola como estas
    </p>
  </div>
</div>
`;
