// Jest Snapshot v1, https://goo.gl/fbAQLP

exports[`Storyshots Atoms/AnimatorGuide Basic Animator Guide 1`] = `
<div
  className="css-zzorib-AnimatorGuideImg e9zrumb0"
/>
`;
