// Jest Snapshot v1, https://goo.gl/fbAQLP

exports[`Storyshots Styled/Wave Basic 1`] = `
<div
  className="css-3q6bax-WaveWrapper e1wz401f0"
>
  <svg
    className="css-l34mdn-SvgWave e1wz401f1"
    direction="top"
    viewBox="0 0 1440 320"
    xmlns="http://www.w3.org/2000/svg"
  >
    <path
      d="M0,96L60,117.3C120,139,240,181,360,186.7C480,192,600,160,720,122.7C840,85,960,43,1080,58.7C1200,75,1320,149,1380,186.7L1440,224L1440,320L1380,320C1320,320,1200,320,1080,320C960,320,840,320,720,320C600,320,480,320,360,320C240,320,120,320,60,320L0,320Z"
      fill="#7f9cf5"
    />
  </svg>
  <div
    style={
      Object {
        "backgroundColor": "#7f9cf5",
        "height": "300px",
        "width": "200px",
      }
    }
  />
</div>
`;
